[shreethemes.in/landrick/layouts/index-landing-two.html]
[backblue.gif]
[fade.gif]
[index.html]
[shreethemes.in/landrick/layouts/images/favicon.ico]
[shreethemes.in/landrick/layouts/css/bootstrap.min.css]
[shreethemes.in/landrick/layouts/css/materialdesignicons.min.css]
[shreethemes.in/landrick/layouts/css/tiny-slider.css]
[shreethemes.in/landrick/layouts/css/style.min.css]
[unicons.iconscout.com/release/v3.0.6/css/line.css]
[shreethemes.in/landrick/layouts/css/colors/default.css]
[shreethemes.in/landrick/layouts/index.html]
[shreethemes.in/landrick/layouts/images/logo-dark.png]
[shreethemes.in/landrick/layouts/index-saas.html]
[shreethemes.in/landrick/layouts/index-classic-saas.html]
[shreethemes.in/landrick/layouts/index-agency.html]
[shreethemes.in/landrick/layouts/index-apps.html]
[shreethemes.in/landrick/layouts/index-classic-app.html]
[shreethemes.in/landrick/layouts/index-studio.html]
[shreethemes.in/landrick/layouts/index-marketing.html]
[shreethemes.in/landrick/layouts/index-enterprise.html]
[shreethemes.in/landrick/layouts/index-services.html]
[shreethemes.in/landrick/layouts/index-payments.html]
[shreethemes.in/landrick/layouts/index-crypto.html]
[shreethemes.in/landrick/layouts/index-hosting.html]
[shreethemes.in/landrick/layouts/index-it-solution.html]
[shreethemes.in/landrick/layouts/index-business.html]
[shreethemes.in/landrick/layouts/index-modern-business.html]
[shreethemes.in/landrick/layouts/index-corporate.html]
[shreethemes.in/landrick/layouts/index-hotel.html]
[shreethemes.in/landrick/layouts/index-construction.html]
[shreethemes.in/landrick/layouts/index-real-estate.html]
[shreethemes.in/landrick/layouts/index-finance.html]
[shreethemes.in/landrick/layouts/index-videocall.html]
[shreethemes.in/landrick/layouts/index-it-solution-two.html]
[shreethemes.in/landrick/layouts/index-freelancer.html]
[shreethemes.in/landrick/layouts/index-blockchain.html]
[shreethemes.in/landrick/layouts/index-crypto-two.html]
[shreethemes.in/landrick/layouts/index-developer.html]
[shreethemes.in/landrick/layouts/index-seo-agency.html]
[shreethemes.in/landrick/layouts/index-hospital.html]
[shreethemes.in/landrick/layouts/index-integration.html]
[shreethemes.in/landrick/layouts/index-task-management.html]
[shreethemes.in/landrick/layouts/index-email-inbox.html]
[shreethemes.in/landrick/layouts/index-travel.html]
[shreethemes.in/landrick/layouts/index-blog.html]
[shreethemes.in/landrick/layouts/forums.html]
[shreethemes.in/landrick/layouts/index-personal.html]
[shreethemes.in/landrick/layouts/index-coworking.html]
[shreethemes.in/landrick/layouts/index-course.html]
[shreethemes.in/landrick/layouts/index-landing-one.html]
[shreethemes.in/landrick/layouts/index-landing-three.html]
[shreethemes.in/landrick/layouts/index-landing-four.html]
[shreethemes.in/landrick/layouts/index-shop.html]
[shreethemes.in/landrick/layouts/index-insurance.html]
[shreethemes.in/landrick/layouts/index-online-learning.html]
[shreethemes.in/landrick/layouts/index-event.html]
[shreethemes.in/landrick/layouts/index-single-product.html]
[shreethemes.in/landrick/layouts/index-portfolio.html]
[shreethemes.in/landrick/layouts/index-job.html]
[shreethemes.in/landrick/layouts/index-social-marketing.html]
[shreethemes.in/landrick/layouts/index-digital-agency.html]
[shreethemes.in/landrick/layouts/index-car-riding.html]
[shreethemes.in/landrick/layouts/index-customer.html]
[shreethemes.in/landrick/layouts/index-software.html]
[shreethemes.in/landrick/layouts/index-ebook.html]
[shreethemes.in/landrick/layouts/index-onepage.html]
[shreethemes.in/landrick/layouts/page-aboutus.html]
[shreethemes.in/landrick/layouts/page-aboutus-two.html]
[shreethemes.in/landrick/layouts/page-services.html]
[shreethemes.in/landrick/layouts/page-history.html]
[shreethemes.in/landrick/layouts/page-team.html]
[shreethemes.in/landrick/layouts/page-pricing.html]
[shreethemes.in/landrick/layouts/account-profile.html]
[shreethemes.in/landrick/layouts/account-members.html]
[shreethemes.in/landrick/layouts/account-works.html]
[shreethemes.in/landrick/layouts/account-messages.html]
[shreethemes.in/landrick/layouts/account-payments.html]
[shreethemes.in/landrick/layouts/account-setting.html]
[shreethemes.in/landrick/layouts/page-invoice.html]
[shreethemes.in/landrick/layouts/shop-grids.html]
[shreethemes.in/landrick/layouts/shop-lists.html]
[shreethemes.in/landrick/layouts/shop-product-detail.html]
[shreethemes.in/landrick/layouts/shop-cart.html]
[shreethemes.in/landrick/layouts/shop-checkouts.html]
[shreethemes.in/landrick/layouts/shop-myaccount.html]
[shreethemes.in/landrick/layouts/helpcenter-overview.html]
[shreethemes.in/landrick/layouts/helpcenter-faqs.html]
[shreethemes.in/landrick/layouts/helpcenter-guides.html]
[shreethemes.in/landrick/layouts/helpcenter-support-request.html]
[shreethemes.in/landrick/layouts/forums-topic.html]
[shreethemes.in/landrick/layouts/forums-comments.html]
[shreethemes.in/landrick/layouts/email-confirmation.html]
[shreethemes.in/landrick/layouts/email-password-reset.html]
[shreethemes.in/landrick/layouts/email-alert.html]
[shreethemes.in/landrick/layouts/email-invoice.html]
[shreethemes.in/landrick/layouts/page-jobs.html]
[shreethemes.in/landrick/layouts/page-jobs-sidebar.html]
[shreethemes.in/landrick/layouts/page-job-detail.html]
[shreethemes.in/landrick/layouts/page-job-apply.html]
[shreethemes.in/landrick/layouts/page-job-company-list.html]
[shreethemes.in/landrick/layouts/page-job-company.html]
[shreethemes.in/landrick/layouts/page-job-candidate-list.html]
[shreethemes.in/landrick/layouts/page-job-candidate.html]
[shreethemes.in/landrick/layouts/page-blog-grid.html]
[shreethemes.in/landrick/layouts/page-blog-sidebar.html]
[shreethemes.in/landrick/layouts/page-blog-list.html]
[shreethemes.in/landrick/layouts/page-blog-list-sidebar.html]
[shreethemes.in/landrick/layouts/page-blog-detail.html]
[shreethemes.in/landrick/layouts/page-blog-detail-two.html]
[shreethemes.in/landrick/layouts/page-cases.html]
[shreethemes.in/landrick/layouts/page-case-detail.html]
[shreethemes.in/landrick/layouts/page-portfolio-modern.html]
[shreethemes.in/landrick/layouts/page-portfolio-classic.html]
[shreethemes.in/landrick/layouts/page-portfolio-grid.html]
[shreethemes.in/landrick/layouts/page-portfolio-masonry.html]
[shreethemes.in/landrick/layouts/page-portfolio-detail.html]
[shreethemes.in/landrick/layouts/auth-login.html]
[shreethemes.in/landrick/layouts/auth-cover-login.html]
[shreethemes.in/landrick/layouts/auth-login-three.html]
[shreethemes.in/landrick/layouts/auth-signup.html]
[shreethemes.in/landrick/layouts/auth-cover-signup.html]
[shreethemes.in/landrick/layouts/auth-signup-three.html]
[shreethemes.in/landrick/layouts/auth-re-password.html]
[shreethemes.in/landrick/layouts/auth-cover-re-password.html]
[shreethemes.in/landrick/layouts/auth-re-password-three.html]
[shreethemes.in/landrick/layouts/page-terms.html]
[shreethemes.in/landrick/layouts/page-privacy.html]
[shreethemes.in/landrick/layouts/page-comingsoon.html]
[shreethemes.in/landrick/layouts/page-comingsoon2.html]
[shreethemes.in/landrick/layouts/page-maintenance.html]
[shreethemes.in/landrick/layouts/page-error.html]
[shreethemes.in/landrick/layouts/page-thankyou.html]
[shreethemes.in/landrick/layouts/page-contact-detail.html]
[shreethemes.in/landrick/layouts/page-contact-one.html]
[shreethemes.in/landrick/layouts/page-contact-two.html]
[shreethemes.in/landrick/layouts/page-contact-three.html]
[shreethemes.in/landrick/layouts/documentation.html]
[shreethemes.in/landrick/layouts/changelog.html]
[shreethemes.in/landrick/layouts/components.html]
[shreethemes.in/landrick/layouts/widget.html]
[shreethemes.in/landrick/layouts/images/landing/1.jpg]
[shreethemes.in/landrick/layouts/images/client/01.jpg]
[shreethemes.in/landrick/layouts/images/client/02.jpg]
[shreethemes.in/landrick/layouts/images/client/03.jpg]
[shreethemes.in/landrick/layouts/images/client/04.jpg]
[shreethemes.in/landrick/layouts/images/client/05.jpg]
[shreethemes.in/landrick/layouts/images/blog/01.jpg]
[shreethemes.in/landrick/layouts/images/blog/02.jpg]
[shreethemes.in/landrick/layouts/images/blog/03.jpg]
[shreethemes.in/landrick/layouts/images/logo-light.png]
[shreethemes.in/landrick/layouts/images/payments/american-ex.png]
[shreethemes.in/landrick/layouts/images/payments/discover.png]
[shreethemes.in/landrick/layouts/images/payments/master-card.png]
[shreethemes.in/landrick/layouts/images/payments/paypal.png]
[shreethemes.in/landrick/layouts/images/payments/visa.png]
[shreethemes.in/landrick/layouts/js/tiny-slider.js]
[shreethemes.in/landrick/layouts/js/bootstrap.bundle.min.js]
[shreethemes.in/landrick/layouts/js/tiny-slider-init.js]
[shreethemes.in/landrick/layouts/js/switcher.js]
[shreethemes.in/landrick/layouts/index-landing-two.html]
[shreethemes.in/landrick/layouts/js/app.js]
[shreethemes.in/landrick/layouts/css/bootstrap.min.css]
[shreethemes.in/landrick/layouts/fonts/materialdesignicons-webfont3e71.eot]
[shreethemes.in/landrick/layouts/js/feather.min.js]
[shreethemes.in/landrick/layouts/fonts/materialdesignicons-webfontd41d.eot]
[shreethemes.in/landrick/layouts/fonts/materialdesignicons-webfont3e71.woff]
[shreethemes.in/landrick/layouts/css/materialdesignicons.min.css]
[unicons.iconscout.com/release/v3.0.6/css/line.css]
[shreethemes.in/landrick/layouts/css/tiny-slider.css]
[shreethemes.in/landrick/layouts/images/task/bg.png]
[shreethemes.in/landrick/layouts/images/process.png]
[shreethemes.in/landrick/layouts/css/style.min.css]
[shreethemes.in/landrick/layouts/css/colors/default.css]
[shreethemes.in/landrick/layouts/index.html]
[shreethemes.in/landrick/layouts/images/saas/home-shape.png]
[shreethemes.in/landrick/layouts/images/saas/home.png]
[shreethemes.in/landrick/layouts/images/saas/classic02.png]
[shreethemes.in/landrick/layouts/images/client/06.jpg]
[shreethemes.in/landrick/layouts/index-saas.html]
[shreethemes.in/landrick/layouts/images/saas/classic01.png]
[shreethemes.in/landrick/layouts/js/counter.init.js]
[shreethemes.in/landrick/layouts/index-classic-saas.html]
[shreethemes.in/landrick/layouts/images/saas/2.png]
[shreethemes.in/landrick/layouts/images/1.jpg]
[shreethemes.in/landrick/layouts/index-agency.html]
[shreethemes.in/landrick/layouts/images/app/home.png]
[shreethemes.in/landrick/layouts/images/app/feature.png]
[shreethemes.in/landrick/layouts/images/app/1.png]
[shreethemes.in/landrick/layouts/images/app/2.png]
[shreethemes.in/landrick/layouts/images/app/3.png]
[shreethemes.in/landrick/layouts/images/app/4.png]
[shreethemes.in/landrick/layouts/index-apps.html]
[shreethemes.in/landrick/layouts/images/app/classic01.png]
[shreethemes.in/landrick/layouts/images/app/calender.png]
[shreethemes.in/landrick/layouts/images/app/classic02.png]
[shreethemes.in/landrick/layouts/images/app/classic03.png]
[shreethemes.in/landrick/layouts/images/app/classic04.png]
[shreethemes.in/landrick/layouts/images/app/classic05.png]
[shreethemes.in/landrick/layouts/index-classic-app.html]
[shreethemes.in/landrick/layouts/images/3.jpg]
[shreethemes.in/landrick/layouts/images/work/1.jpg]
[shreethemes.in/landrick/layouts/images/work/2.jpg]
[shreethemes.in/landrick/layouts/images/work/3.jpg]
[shreethemes.in/landrick/layouts/images/work/4.jpg]
[shreethemes.in/landrick/layouts/images/work/5.jpg]
[shreethemes.in/landrick/layouts/images/work/6.jpg]
[shreethemes.in/landrick/layouts/index-studio.html]
[shreethemes.in/landrick/layouts/images/marketing/marketing-shape.png]
[shreethemes.in/landrick/layouts/images/marketing/marketing.png]
[shreethemes.in/landrick/layouts/index-marketing.html]
[shreethemes.in/landrick/layouts/images/enterprise.png]
[shreethemes.in/landrick/layouts/index-enterprise.html]
[shreethemes.in/landrick/layouts/index-services.html]
[shreethemes.in/landrick/layouts/images/payments/payment/master.png]
[shreethemes.in/landrick/layouts/images/payments/payment/visaa.png]
[shreethemes.in/landrick/layouts/images/payments/payment/rupay.png]
[shreethemes.in/landrick/layouts/images/payments/payment/paypals.png]
[shreethemes.in/landrick/layouts/images/payments/payment/maestro.jpg]
[shreethemes.in/landrick/layouts/images/payments/payment/paypal.jpg]
[shreethemes.in/landrick/layouts/images/payments/payment/master-card.jpg]
[shreethemes.in/landrick/layouts/images/payments/payment/visa.jpg]
[shreethemes.in/landrick/layouts/images/payments/payment/american-express.jpg]
[shreethemes.in/landrick/layouts/images/payments/payment/discover.jpg]
[shreethemes.in/landrick/layouts/images/payments/payment/seller-order.png]
[shreethemes.in/landrick/layouts/index-payments.html]
[shreethemes.in/landrick/layouts/images/crypto/litecoin.png]
[shreethemes.in/landrick/layouts/images/crypto/bitcoin.png]
[shreethemes.in/landrick/layouts/images/crypto/auroracoin.png]
[shreethemes.in/landrick/layouts/images/crypto/coinye.png]
[shreethemes.in/landrick/layouts/images/crypto/ethereum.png]
[shreethemes.in/landrick/layouts/images/crypto/potcoin.png]
[shreethemes.in/landrick/layouts/images/crypto/zcash.png]
[shreethemes.in/landrick/layouts/images/crypto/1.png]
[shreethemes.in/landrick/layouts/images/crypto/2.png]
[shreethemes.in/landrick/layouts/images/crypto/3.png]
[shreethemes.in/landrick/layouts/images/crypto/4.png]
[shreethemes.in/landrick/layouts/images/crypto/portfolio.png]
[shreethemes.in/landrick/layouts/images/crypto/monero.png]
[shreethemes.in/landrick/layouts/index-crypto.html]
[shreethemes.in/landrick/layouts/images/hosting/bg.png]
[shreethemes.in/landrick/layouts/images/hosting/1.png]
[shreethemes.in/landrick/layouts/images/hosting/2.png]
[shreethemes.in/landrick/layouts/index-hosting.html]
[shreethemes.in/landrick/layouts/images/bg2.png]
[shreethemes.in/landrick/layouts/images/hero1.png]
[shreethemes.in/landrick/layouts/images/course/online/ab01.jpg]
[shreethemes.in/landrick/layouts/images/course/online/ab02.jpg]
[shreethemes.in/landrick/layouts/images/course/online/ab03.jpg]
[shreethemes.in/landrick/layouts/index-it-solution.html]
[shreethemes.in/landrick/layouts/images/busi01.jpg]
[shreethemes.in/landrick/layouts/images/2.jpg]
[shreethemes.in/landrick/layouts/js/typed.js]
[shreethemes.in/landrick/layouts/js/typed.init.js]
[shreethemes.in/landrick/layouts/index-business.html]
[shreethemes.in/landrick/layouts/js/parallax.js]
[shreethemes.in/landrick/layouts/images/modern01.jpg]
[shreethemes.in/landrick/layouts/images/company/about.jpg]
[shreethemes.in/landrick/layouts/index-modern-business.html]
[shreethemes.in/landrick/layouts/css/swiper.min.css]
[shreethemes.in/landrick/layouts/images/corporate/1.jpg]
[shreethemes.in/landrick/layouts/images/corporate/2.jpg]
[shreethemes.in/landrick/layouts/images/company/about2.png]
[shreethemes.in/landrick/layouts/images/cta-bg.jpg]
[shreethemes.in/landrick/layouts/js/swiper.min.js]
[shreethemes.in/landrick/layouts/js/swiper.init.js]
[shreethemes.in/landrick/layouts/index-corporate.html]
[shreethemes.in/landrick/layouts/css/datepicker.min.css]
[shreethemes.in/landrick/layouts/images/hotel/bg01.jpg]
[shreethemes.in/landrick/layouts/images/hotel/bg02.jpg]
[shreethemes.in/landrick/layouts/images/hotel/bg03.jpg]
[shreethemes.in/landrick/layouts/images/hotel/01.jpg]
[shreethemes.in/landrick/layouts/images/hotel/02.jpg]
[shreethemes.in/landrick/layouts/images/hotel/03.jpg]
[shreethemes.in/landrick/layouts/images/hotel/04.jpg]
[shreethemes.in/landrick/layouts/images/hotel/05.jpg]
[shreethemes.in/landrick/layouts/images/hotel/06.jpg]
[shreethemes.in/landrick/layouts/images/hotel/07.jpg]
[shreethemes.in/landrick/layouts/images/hotel/08.jpg]
[shreethemes.in/landrick/layouts/images/hotel/09.jpg]
[shreethemes.in/landrick/layouts/images/hotel/bg04.jpg]
[shreethemes.in/landrick/layouts/images/hotel/bg05.jpg]
[shreethemes.in/landrick/layouts/js/datepicker.min.js]
[shreethemes.in/landrick/layouts/js/datepicker.init.js]
[shreethemes.in/landrick/layouts/js/contact.js]
[shreethemes.in/landrick/layouts/index-hotel.html]
[shreethemes.in/landrick/layouts/css/mklb.css]
[shreethemes.in/landrick/layouts/css/colors/yellow.css]
[shreethemes.in/landrick/layouts/images/construction/bg.jpg]
[shreethemes.in/landrick/layouts/images/construction/serveices.png]
[shreethemes.in/landrick/layouts/images/construction/about.jpg]
[shreethemes.in/landrick/layouts/images/construction/o1.jpg]
[shreethemes.in/landrick/layouts/images/construction/b1.jpg]
[shreethemes.in/landrick/layouts/images/construction/r1.jpg]
[shreethemes.in/landrick/layouts/images/construction/b2.jpg]
[shreethemes.in/landrick/layouts/images/construction/r2.jpg]
[shreethemes.in/landrick/layouts/images/construction/o2.jpg]
[shreethemes.in/landrick/layouts/images/construction/t1.jpg]
[shreethemes.in/landrick/layouts/images/construction/t3.jpg]
[shreethemes.in/landrick/layouts/images/construction/t2.jpg]
[shreethemes.in/landrick/layouts/images/construction/t4.jpg]
[shreethemes.in/landrick/layouts/js/mklb.js]
[shreethemes.in/landrick/layouts/js/filter.init.js]
[shreethemes.in/landrick/layouts/index-construction.html]
[shreethemes.in/landrick/layouts/images/real/p1.jpg]
[shreethemes.in/landrick/layouts/images/real/p2.jpg]
[shreethemes.in/landrick/layouts/images/real/p3.jpg]
[shreethemes.in/landrick/layouts/images/real/p4.jpg]
[shreethemes.in/landrick/layouts/images/real/p5.jpg]
[shreethemes.in/landrick/layouts/images/real/p6.jpg]
[shreethemes.in/landrick/layouts/images/real/p7.jpg]
[shreethemes.in/landrick/layouts/images/real/p8.jpg]
[shreethemes.in/landrick/layouts/images/real/1.jpg]
[shreethemes.in/landrick/layouts/images/real/build.png]
[shreethemes.in/landrick/layouts/js/easy_background.js]
[shreethemes.in/landrick/layouts/images/real/2.jpg]
[shreethemes.in/landrick/layouts/index-real-estate.html]
[shreethemes.in/landrick/layouts/images/finance/bg.jpg]
[shreethemes.in/landrick/layouts/images/finance/1.jpg]
[shreethemes.in/landrick/layouts/images/finance/2.jpg]
[shreethemes.in/landrick/layouts/images/finance/cta.jpg]
[shreethemes.in/landrick/layouts/index-finance.html]
[shreethemes.in/landrick/layouts/images/video/call.mp4]
[shreethemes.in/landrick/layouts/images/video/01.jpg]
[shreethemes.in/landrick/layouts/images/video/02.jpg]
[shreethemes.in/landrick/layouts/images/video/03.jpg]
[shreethemes.in/landrick/layouts/images/video/05.jpg]
[shreethemes.in/landrick/layouts/images/video/04.jpg]
[shreethemes.in/landrick/layouts/images/video/06.jpg]
[shreethemes.in/landrick/layouts/images/video/07.jpg]
[shreethemes.in/landrick/layouts/images/video/cta.png]
[shreethemes.in/landrick/layouts/index-videocall.html]
[shreethemes.in/landrick/layouts/images/it/bg1.jpg]
[shreethemes.in/landrick/layouts/images/it/cta.jpg]
[shreethemes.in/landrick/layouts/index-it-solution-two.html]
[shreethemes.in/landrick/layouts/images/shapes/shape2.png]
[shreethemes.in/landrick/layouts/images/freelancer/freelancer.png]
[shreethemes.in/landrick/layouts/images/freelancer/proposals.png]
[shreethemes.in/landrick/layouts/images/freelancer/contract.png]
[shreethemes.in/landrick/layouts/images/freelancer/crm.png]
[shreethemes.in/landrick/layouts/images/freelancer/time.png]
[shreethemes.in/landrick/layouts/images/freelancer/invoice.png]
[shreethemes.in/landrick/layouts/images/freelancer/task.png]
[shreethemes.in/landrick/layouts/images/freelancer/cta.png]
[shreethemes.in/landrick/layouts/index-freelancer.html]
[shreethemes.in/landrick/layouts/images/crypto/bg.jpg]
[shreethemes.in/landrick/layouts/images/crypto/lapy01.png]
[shreethemes.in/landrick/layouts/images/crypto/iphone.png]
[shreethemes.in/landrick/layouts/images/crypto/cta.png]
[shreethemes.in/landrick/layouts/index-blockchain.html]
[shreethemes.in/landrick/layouts/images/crypto/crypto.png]
[shreethemes.in/landrick/layouts/images/crypto/1.jpg]
[shreethemes.in/landrick/layouts/images/crypto/2.jpg]
[shreethemes.in/landrick/layouts/images/crypto/3.jpg]
[shreethemes.in/landrick/layouts/images/crypto/4.jpg]
[shreethemes.in/landrick/layouts/images/crypto/5.jpg]
[shreethemes.in/landrick/layouts/images/crypto/6.jpg]
[shreethemes.in/landrick/layouts/images/crypto/7.jpg]
[shreethemes.in/landrick/layouts/images/crypto/8.jpg]
[shreethemes.in/landrick/layouts/index-crypto-two.html]
[shreethemes.in/landrick/layouts/images/digital/about.png]
[shreethemes.in/landrick/layouts/images/integration/1.png]
[shreethemes.in/landrick/layouts/index-developer.html]
[shreethemes.in/landrick/layouts/images/seo/bg.png]
[shreethemes.in/landrick/layouts/images/seo/8.png]
[shreethemes.in/landrick/layouts/images/seo/6.png]
[shreethemes.in/landrick/layouts/images/seo/4.png]
[shreethemes.in/landrick/layouts/images/seo/7.png]
[shreethemes.in/landrick/layouts/images/seo/5.png]
[shreethemes.in/landrick/layouts/images/seo/3.png]
[shreethemes.in/landrick/layouts/images/seo/1.png]
[shreethemes.in/landrick/layouts/images/seo/2.png]
[shreethemes.in/landrick/layouts/images/seo/cta.png]
[shreethemes.in/landrick/layouts/index-seo-agency.html]
[shreethemes.in/landrick/layouts/js/masonry.pkgd.min.js]
[shreethemes.in/landrick/layouts/images/medical/about.jpg]
[shreethemes.in/landrick/layouts/images/medical/dental.jpg]
[shreethemes.in/landrick/layouts/images/medical/cardio.jpg]
[shreethemes.in/landrick/layouts/images/medical/eyecare.jpg]
[shreethemes.in/landrick/layouts/images/medical/general.jpg]
[shreethemes.in/landrick/layouts/images/medical/medicine.jpg]
[shreethemes.in/landrick/layouts/images/medical/orthopedic.jpg]
[shreethemes.in/landrick/layouts/images/medical/01.jpg]
[shreethemes.in/landrick/layouts/images/medical/02.jpg]
[shreethemes.in/landrick/layouts/images/medical/03.jpg]
[shreethemes.in/landrick/layouts/images/medical/04.jpg]
[shreethemes.in/landrick/layouts/images/medical/cta.jpg]
[shreethemes.in/landrick/layouts/index-hospital.html]
[shreethemes.in/landrick/layouts/images/integration/bg.png]
[shreethemes.in/landrick/layouts/images/integration/hero.png]
[shreethemes.in/landrick/layouts/index-integration.html]
[shreethemes.in/landrick/layouts/images/task/laptop.png]
[shreethemes.in/landrick/layouts/images/task/timeline.png]
[shreethemes.in/landrick/layouts/images/task/apps.png]
[shreethemes.in/landrick/layouts/images/task/widgets2.png]
[shreethemes.in/landrick/layouts/images/task/task.png]
[shreethemes.in/landrick/layouts/images/task/file.png]
[shreethemes.in/landrick/layouts/index-task-management.html]
[shreethemes.in/landrick/layouts/images/email/home.png]
[shreethemes.in/landrick/layouts/index-email-inbox.html]
[shreethemes.in/landrick/layouts/images/travel/bg.jpg]
[shreethemes.in/landrick/layouts/images/travel/dubai.jpg]
[shreethemes.in/landrick/layouts/images/travel/thailand.jpg]
[shreethemes.in/landrick/layouts/images/travel/india.jpg]
[shreethemes.in/landrick/layouts/images/travel/london.jpg]
[shreethemes.in/landrick/layouts/images/travel/paris.jpg]
[shreethemes.in/landrick/layouts/images/travel/singapore.jpg]
[shreethemes.in/landrick/layouts/images/travel/1.jpg]
[shreethemes.in/landrick/layouts/images/travel/3.jpg]
[shreethemes.in/landrick/layouts/images/travel/2.jpg]
[shreethemes.in/landrick/layouts/index-travel.html]
[shreethemes.in/landrick/layouts/images/blog/bg1.jpg]
[shreethemes.in/landrick/layouts/images/blog/bg2.jpg]
[shreethemes.in/landrick/layouts/images/blog/bg3.jpg]
[shreethemes.in/landrick/layouts/images/blog/04.jpg]
[shreethemes.in/landrick/layouts/images/blog/05.jpg]
[shreethemes.in/landrick/layouts/images/blog/06.jpg]
[shreethemes.in/landrick/layouts/index-blog.html]
[shreethemes.in/landrick/layouts/forums.html]
[shreethemes.in/landrick/layouts/images/personal/bg01.png]
[shreethemes.in/landrick/layouts/images/personal/1.jpg]
[shreethemes.in/landrick/layouts/images/personal/2.jpg]
[shreethemes.in/landrick/layouts/images/personal/3.jpg]
[shreethemes.in/landrick/layouts/images/personal/4.jpg]
[shreethemes.in/landrick/layouts/images/personal/5.jpg]
[shreethemes.in/landrick/layouts/images/personal/6.jpg]
[shreethemes.in/landrick/layouts/images/personal/bg02.jpg]
[shreethemes.in/landrick/layouts/index-personal.html]
[shreethemes.in/landrick/layouts/css/animate.css]
[shreethemes.in/landrick/layouts/css/animations-delay.css]
[shreethemes.in/landrick/layouts/images/coworking/bg01.jpg]
[shreethemes.in/landrick/layouts/images/coworking/bg02.jpg]
[shreethemes.in/landrick/layouts/images/coworking/bg03.jpg]
[shreethemes.in/landrick/layouts/images/coworking/about.jpg]
[shreethemes.in/landrick/layouts/images/coworking/cta.jpg]
[shreethemes.in/landrick/layouts/images/coworking/bg04.jpg]
[shreethemes.in/landrick/layouts/index-coworking.html]
[shreethemes.in/landrick/layouts/images/course/bg01.jpg]
[shreethemes.in/landrick/layouts/images/course/bg02.jpg]
[shreethemes.in/landrick/layouts/images/course/bg03.jpg]
[shreethemes.in/landrick/layouts/images/course/about.jpg]
[shreethemes.in/landrick/layouts/images/course/1.jpg]
[shreethemes.in/landrick/layouts/images/course/2.jpg]
[shreethemes.in/landrick/layouts/images/course/3.jpg]
[shreethemes.in/landrick/layouts/images/course/4.jpg]
[shreethemes.in/landrick/layouts/images/course/5.jpg]
[shreethemes.in/landrick/layouts/images/course/6.jpg]
[shreethemes.in/landrick/layouts/images/course/7.jpg]
[shreethemes.in/landrick/layouts/images/course/8.jpg]
[shreethemes.in/landrick/layouts/images/course/9.jpg]
[shreethemes.in/landrick/layouts/index-course.html]
[shreethemes.in/landrick/layouts/images/landing/2.jpg]
[shreethemes.in/landrick/layouts/images/shapes/shape1.png]
[shreethemes.in/landrick/layouts/index-landing-one.html]
[shreethemes.in/landrick/layouts/images/bg.png]
[shreethemes.in/landrick/layouts/images/landing/3.jpg]
[shreethemes.in/landrick/layouts/index-landing-three.html]
[shreethemes.in/landrick/layouts/index-landing-four.html]
[shreethemes.in/landrick/layouts/images/shop/product/s-1.jpg]
[shreethemes.in/landrick/layouts/images/shop/product/s-2.jpg]
[shreethemes.in/landrick/layouts/images/shop/product/s-3.jpg]
[shreethemes.in/landrick/layouts/images/shop/bg2.jpg]
[shreethemes.in/landrick/layouts/images/shop/bg1.jpg]
[shreethemes.in/landrick/layouts/images/shop/bg3.jpg]
[shreethemes.in/landrick/layouts/images/shop/fea1.jpg]
[shreethemes.in/landrick/layouts/images/shop/fea2.jpg]
[shreethemes.in/landrick/layouts/images/shop/fea3.jpg]
[shreethemes.in/landrick/layouts/images/shop/product/s1.jpg]
[shreethemes.in/landrick/layouts/images/shop/product/s2.jpg]
[shreethemes.in/landrick/layouts/images/shop/product/s3.jpg]
[shreethemes.in/landrick/layouts/images/shop/product/s4.jpg]
[shreethemes.in/landrick/layouts/images/shop/product/s-4.jpg]
[shreethemes.in/landrick/layouts/images/shop/product/s5.jpg]
[shreethemes.in/landrick/layouts/images/shop/product/s-5.jpg]
[shreethemes.in/landrick/layouts/images/shop/product/s6.jpg]
[shreethemes.in/landrick/layouts/images/shop/product/s7.jpg]
[shreethemes.in/landrick/layouts/images/shop/product/s-7.jpg]
[shreethemes.in/landrick/layouts/images/shop/product/s8.jpg]
[shreethemes.in/landrick/layouts/images/shop/product/s-8.jpg]
[shreethemes.in/landrick/layouts/images/shop/categories/fashion.jpg]
[shreethemes.in/landrick/layouts/images/shop/categories/sports.jpg]
[shreethemes.in/landrick/layouts/images/shop/categories/music.jpg]
[shreethemes.in/landrick/layouts/images/shop/categories/furniture.jpg]
[shreethemes.in/landrick/layouts/images/shop/categories/electronics.jpg]
[shreethemes.in/landrick/layouts/images/shop/categories/mobile.jpg]
[shreethemes.in/landrick/layouts/images/shop/product/s9.jpg]
[shreethemes.in/landrick/layouts/images/shop/product/s-9.jpg]
[shreethemes.in/landrick/layouts/images/shop/product/s10.jpg]
[shreethemes.in/landrick/layouts/images/shop/product/s-10.jpg]
[shreethemes.in/landrick/layouts/images/shop/product/s11.jpg]
[shreethemes.in/landrick/layouts/images/shop/product/s-11.jpg]
[shreethemes.in/landrick/layouts/images/shop/product/s12.jpg]
[shreethemes.in/landrick/layouts/images/shop/product/s-12.jpg]
[shreethemes.in/landrick/layouts/images/shop/cta.jpg]
[shreethemes.in/landrick/layouts/images/shop/product/s13.jpg]
[shreethemes.in/landrick/layouts/images/shop/product/s-13.jpg]
[shreethemes.in/landrick/layouts/images/shop/product/s14.jpg]
[shreethemes.in/landrick/layouts/images/shop/product/s15.jpg]
[shreethemes.in/landrick/layouts/images/shop/product/s-15.jpg]
[shreethemes.in/landrick/layouts/images/shop/product/s16.jpg]
[shreethemes.in/landrick/layouts/images/shop/product/s-16.jpg]
[shreethemes.in/landrick/layouts/images/shop/product/single-2.jpg]
[shreethemes.in/landrick/layouts/images/shop/product/single-3.jpg]
[shreethemes.in/landrick/layouts/images/shop/product/single-4.jpg]
[shreethemes.in/landrick/layouts/images/shop/product/single-5.jpg]
[shreethemes.in/landrick/layouts/images/shop/product/single-6.jpg]
[shreethemes.in/landrick/layouts/index-shop.html]
[shreethemes.in/landrick/layouts/images/insurance/bg.png]
[shreethemes.in/landrick/layouts/images/insurance/cta.jpg]
[shreethemes.in/landrick/layouts/index-insurance.html]
[shreethemes.in/landrick/layouts/images/course/online/hero.jpg]
[shreethemes.in/landrick/layouts/images/course/online/cta.jpg]
[shreethemes.in/landrick/layouts/index-online-learning.html]
[shreethemes.in/landrick/layouts/images/event/event.jpg]
[shreethemes.in/landrick/layouts/images/event/about.jpg]
[shreethemes.in/landrick/layouts/images/event/cta.jpg]
[shreethemes.in/landrick/layouts/images/event/b01.jpg]
[shreethemes.in/landrick/layouts/images/event/b02.jpg]
[shreethemes.in/landrick/layouts/images/event/b03.jpg]
[shreethemes.in/landrick/layouts/js/countdown.init.js]
[shreethemes.in/landrick/layouts/index-event.html]
[shreethemes.in/landrick/layouts/images/single/bg01.jpg]
[shreethemes.in/landrick/layouts/images/single/1.png]
[shreethemes.in/landrick/layouts/images/single/camera.png]
[shreethemes.in/landrick/layouts/images/single/drone.gif]
[shreethemes.in/landrick/layouts/images/single/bg02.jpg]
[shreethemes.in/landrick/layouts/images/single/01.jpg]
[shreethemes.in/landrick/layouts/images/single/02.jpg]
[shreethemes.in/landrick/layouts/images/single/03.jpg]
[shreethemes.in/landrick/layouts/images/single/04.jpg]
[shreethemes.in/landrick/layouts/images/single/05.jpg]
[shreethemes.in/landrick/layouts/images/single/06.jpg]
[shreethemes.in/landrick/layouts/images/single/07.jpg]
[shreethemes.in/landrick/layouts/index-single-product.html]
[shreethemes.in/landrick/layouts/images/work/bg-portfolio.jpg]
[shreethemes.in/landrick/layouts/images/work/20.jpg]
[shreethemes.in/landrick/layouts/images/work/13.jpg]
[shreethemes.in/landrick/layouts/images/work/14.jpg]
[shreethemes.in/landrick/layouts/images/work/15.jpg]
[shreethemes.in/landrick/layouts/images/work/16.jpg]
[shreethemes.in/landrick/layouts/images/work/17.jpg]
[shreethemes.in/landrick/layouts/images/work/18.jpg]
[shreethemes.in/landrick/layouts/images/work/19.jpg]
[shreethemes.in/landrick/layouts/index-portfolio.html]
[shreethemes.in/landrick/layouts/images/job/home.png]
[shreethemes.in/landrick/layouts/images/work/7.jpg]
[shreethemes.in/landrick/layouts/images/work/8.jpg]
[shreethemes.in/landrick/layouts/index-job.html]
[shreethemes.in/landrick/layouts/images/social/hero.png]
[shreethemes.in/landrick/layouts/images/social/1.png]
[shreethemes.in/landrick/layouts/images/social/download.png]
[shreethemes.in/landrick/layouts/index-social-marketing.html]
[shreethemes.in/landrick/layouts/images/digital/home-bg.png]
[shreethemes.in/landrick/layouts/images/digital/seo.gif]
[shreethemes.in/landrick/layouts/images/digital/1.png]
[shreethemes.in/landrick/layouts/images/digital/2.png]
[shreethemes.in/landrick/layouts/images/digital/3.png]
[shreethemes.in/landrick/layouts/images/digital/testi.png]
[shreethemes.in/landrick/layouts/index-digital-agency.html]
[shreethemes.in/landrick/layouts/images/riding/01.png]
[shreethemes.in/landrick/layouts/images/riding/02.png]
[shreethemes.in/landrick/layouts/images/riding/03.png]
[shreethemes.in/landrick/layouts/index-car-riding.html]
[shreethemes.in/landrick/layouts/css/aos.css]
[shreethemes.in/landrick/layouts/images/saas/classic04.png]
[shreethemes.in/landrick/layouts/images/saas/classic03.png]
[shreethemes.in/landrick/layouts/js/aos.js]
[shreethemes.in/landrick/layouts/index-customer.html]
[shreethemes.in/landrick/layouts/images/software/bg.png]
[shreethemes.in/landrick/layouts/images/software/software.png]
[shreethemes.in/landrick/layouts/images/software/mobile-hori.png]
[shreethemes.in/landrick/layouts/images/software/mobile01.png]
[shreethemes.in/landrick/layouts/index-software.html]
[shreethemes.in/landrick/layouts/images/book/book.png]
[shreethemes.in/landrick/layouts/images/book/about.png]
[shreethemes.in/landrick/layouts/images/book/sign.png]
[shreethemes.in/landrick/layouts/images/book/1.jpg]
[shreethemes.in/landrick/layouts/images/book/2.jpg]
[shreethemes.in/landrick/layouts/images/book/3.jpg]
[shreethemes.in/landrick/layouts/images/book/4.jpg]
[shreethemes.in/landrick/layouts/images/book/5.jpg]
[shreethemes.in/landrick/layouts/images/book/6.jpg]
[shreethemes.in/landrick/layouts/images/book/7.jpg]
[shreethemes.in/landrick/layouts/index-ebook.html]
[shreethemes.in/landrick/layouts/images/onepage/bg.png]
[shreethemes.in/landrick/layouts/images/onepage/onepage.png]
[shreethemes.in/landrick/layouts/images/onepage/laptop.png]
[shreethemes.in/landrick/layouts/js/gumshoe.polyfills.min.js]
[shreethemes.in/landrick/layouts/index-onepage.html]
[shreethemes.in/landrick/layouts/page-aboutus.html]
[shreethemes.in/landrick/layouts/images/company/aboutus.jpg]
[shreethemes.in/landrick/layouts/images/work/9.jpg]
[shreethemes.in/landrick/layouts/images/work/12.jpg]
[shreethemes.in/landrick/layouts/page-aboutus-two.html]
[shreethemes.in/landrick/layouts/page-services.html]
[shreethemes.in/landrick/layouts/page-history.html]
[shreethemes.in/landrick/layouts/images/client/07.jpg]
[shreethemes.in/landrick/layouts/images/client/08.jpg]
[shreethemes.in/landrick/layouts/page-team.html]
[shreethemes.in/landrick/layouts/page-pricing.html]
[shreethemes.in/landrick/layouts/images/account/bg.png]
[shreethemes.in/landrick/layouts/account-profile.html]
[shreethemes.in/landrick/layouts/account-members.html]
[shreethemes.in/landrick/layouts/images/work/10.jpg]
[shreethemes.in/landrick/layouts/images/work/11.jpg]
[shreethemes.in/landrick/layouts/account-works.html]
[shreethemes.in/landrick/layouts/account-messages.html]
[shreethemes.in/landrick/layouts/account-payments.html]
[shreethemes.in/landrick/layouts/account-setting.html]
[shreethemes.in/landrick/layouts/css/magnific-popup.css]
[shreethemes.in/landrick/layouts/page-invoice.html]
[shreethemes.in/landrick/layouts/images/shop/product/s-14.jpg]
[shreethemes.in/landrick/layouts/shop-grids.html]
[shreethemes.in/landrick/layouts/images/shop/product/s-6.jpg]
[shreethemes.in/landrick/layouts/shop-lists.html]
[shreethemes.in/landrick/layouts/shop-product-detail.html]
[shreethemes.in/landrick/layouts/shop-cart.html]
[shreethemes.in/landrick/layouts/shop-checkouts.html]
[shreethemes.in/landrick/layouts/shop-myaccount.html]
[shreethemes.in/landrick/layouts/helpcenter-overview.html]
[shreethemes.in/landrick/layouts/helpcenter-faqs.html]
[shreethemes.in/landrick/layouts/helpcenter-guides.html]
[shreethemes.in/landrick/layouts/helpcenter-support-request.html]
[shreethemes.in/landrick/layouts/forums-topic.html]
[shreethemes.in/landrick/layouts/forums-comments.html]
[shreethemes.in/landrick/layouts/email-confirmation.html]
[shreethemes.in/landrick/layouts/email-password-reset.html]
[shreethemes.in/landrick/layouts/email-alert.html]
[shreethemes.in/landrick/layouts/email-invoice.html]
[shreethemes.in/landrick/layouts/images/job/full.jpg]
[shreethemes.in/landrick/layouts/images/job/part.jpg]
[shreethemes.in/landrick/layouts/images/job/remote.jpg]
[shreethemes.in/landrick/layouts/page-jobs.html]
[shreethemes.in/landrick/layouts/page-jobs-sidebar.html]
[shreethemes.in/landrick/layouts/page-job-detail.html]
[shreethemes.in/landrick/layouts/page-job-apply.html]
[shreethemes.in/landrick/layouts/page-job-company-list.html]
[shreethemes.in/landrick/layouts/images/job/company.jpg]
[shreethemes.in/landrick/layouts/page-job-company.html]
[shreethemes.in/landrick/layouts/page-job-candidate-list.html]
[shreethemes.in/landrick/layouts/images/job/candidate.jpg]
[shreethemes.in/landrick/layouts/js/ckeditor.js]
[shreethemes.in/landrick/layouts/page-job-candidate.html]
[shreethemes.in/landrick/layouts/images/blog/07.jpg]
[shreethemes.in/landrick/layouts/images/blog/08.jpg]
[shreethemes.in/landrick/layouts/page-blog-grid.html]
[shreethemes.in/landrick/layouts/page-blog-sidebar.html]
[shreethemes.in/landrick/layouts/page-blog-list.html]
[shreethemes.in/landrick/layouts/page-blog-list-sidebar.html]
[shreethemes.in/landrick/layouts/page-blog-detail.html]
[shreethemes.in/landrick/layouts/page-blog-detail-two.html]
[shreethemes.in/landrick/layouts/page-cases.html]
[shreethemes.in/landrick/layouts/page-case-detail.html]
[shreethemes.in/landrick/layouts/page-portfolio-modern.html]
[shreethemes.in/landrick/layouts/page-portfolio-classic.html]
[shreethemes.in/landrick/layouts/page-portfolio-grid.html]
[shreethemes.in/landrick/layouts/images/work/21.jpg]
[shreethemes.in/landrick/layouts/images/work/22.jpg]
[shreethemes.in/landrick/layouts/images/work/23.jpg]
[shreethemes.in/landrick/layouts/images/work/24.jpg]
[shreethemes.in/landrick/layouts/page-portfolio-masonry.html]
[shreethemes.in/landrick/layouts/images/work/single.jpg]
[shreethemes.in/landrick/layouts/page-portfolio-detail.html]
[shreethemes.in/landrick/layouts/auth-login.html]
[shreethemes.in/landrick/layouts/images/user/01.jpg]
[shreethemes.in/landrick/layouts/auth-cover-login.html]
[shreethemes.in/landrick/layouts/auth-login-three.html]
[shreethemes.in/landrick/layouts/auth-signup.html]
[shreethemes.in/landrick/layouts/images/user/02.jpg]
[shreethemes.in/landrick/layouts/auth-cover-signup.html]
[shreethemes.in/landrick/layouts/auth-signup-three.html]
[shreethemes.in/landrick/layouts/auth-re-password.html]
[shreethemes.in/landrick/layouts/images/user/03.jpg]
[shreethemes.in/landrick/layouts/auth-cover-re-password.html]
[shreethemes.in/landrick/layouts/auth-re-password-three.html]
[shreethemes.in/landrick/layouts/page-terms.html]
[shreethemes.in/landrick/layouts/page-privacy.html]
[shreethemes.in/landrick/layouts/images/comingsoon.jpg]
[shreethemes.in/landrick/layouts/page-comingsoon.html]
[shreethemes.in/landrick/layouts/page-comingsoon2.html]
[shreethemes.in/landrick/layouts/images/maintenance.jpg]
[shreethemes.in/landrick/layouts/js/maintenance.init.js]
[shreethemes.in/landrick/layouts/page-maintenance.html]
[shreethemes.in/landrick/layouts/page-error.html]
[shreethemes.in/landrick/layouts/page-thankyou.html]
[shreethemes.in/landrick/layouts/images/contact-detail.jpg]
[shreethemes.in/landrick/layouts/page-contact-detail.html]
[shreethemes.in/landrick/layouts/page-contact-one.html]
[shreethemes.in/landrick/layouts/page-contact-two.html]
[shreethemes.in/landrick/layouts/page-contact-three.html]
[shreethemes.in/landrick/layouts/documentation.html]
[shreethemes.in/landrick/layouts/changelog.html]
[shreethemes.in/landrick/layouts/images/subscribe.png]
[shreethemes.in/landrick/layouts/images/shop/cart.png]
[shreethemes.in/landrick/layouts/components.html]
[shreethemes.in/landrick/layouts/widget.html]
[shreethemes.in/landrick/layouts/images/illustrator/Creativity-bro.svg]
[shreethemes.in/landrick/layouts/fonts/materialdesignicons-webfont3e71.html]
[shreethemes.in/landrick/layouts/fonts/materialdesignicons-webfont3e71-2.html]
[shreethemes.in/landrick/layouts/images/illustrator/Startup_SVG.svg]
[shreethemes.in/landrick/layouts/images/client/amazon.svg]
[shreethemes.in/landrick/layouts/images/client/google.svg]
[shreethemes.in/landrick/layouts/images/client/lenovo.svg]
[shreethemes.in/landrick/layouts/images/client/paypal.svg]
[shreethemes.in/landrick/layouts/images/client/shopify.svg]
[shreethemes.in/landrick/layouts/images/client/spotify.svg]
[shreethemes.in/landrick/layouts/images/illustrator/SEO_SVG.svg]
[shreethemes.in/landrick/layouts/images/illustrator/Mobile_notification_SVG.svg]
[shreethemes.in/landrick/layouts/images/illustrator/app_development_SVG.svg]
[shreethemes.in/landrick/layouts/images/illustrator/working_with_computer.svg]
[shreethemes.in/landrick/layouts/images/icon/art-and-design.svg]
[shreethemes.in/landrick/layouts/images/icon/smartphone.svg]
[shreethemes.in/landrick/layouts/images/icon/clock.svg]
[shreethemes.in/landrick/layouts/images/illustrator/youtube-media.svg]
[shreethemes.in/landrick/layouts/images/illustrator/Asset190.svg]
[shreethemes.in/landrick/layouts/images/illustrator/Asset189.svg]
[shreethemes.in/landrick/layouts/images/illustrator/Asset192.svg]
[shreethemes.in/landrick/layouts/images/illustrator/Asset187.svg]
[shreethemes.in/landrick/layouts/images/illustrator/faq.svg]
[shreethemes.in/landrick/layouts/images/illustrator/services.svg]
[shreethemes.in/landrick/layouts/images/illustrator/analyze_report_4.svg]
[shreethemes.in/landrick/layouts/images/icon/credit-card.svg]
[shreethemes.in/landrick/layouts/images/crypto/crypto.svg]
[shreethemes.in/landrick/layouts/images/icon/report.svg]
[shreethemes.in/landrick/layouts/images/icon/marketing.svg]
[shreethemes.in/landrick/layouts/images/icon/currency.svg]
[shreethemes.in/landrick/layouts/images/hosting/deal-hend.svg]
[shreethemes.in/landrick/layouts/images/illustrator/Asset186.svg]
[shreethemes.in/landrick/layouts/css/swiper.min.css]
[shreethemes.in/landrick/layouts/css/datepicker.min.css]
[shreethemes.in/landrick/layouts/css/mklb.css]
[shreethemes.in/landrick/layouts/css/colors/yellow.css]
[shreethemes.in/landrick/layouts/images/illustrator/envelope.svg]
[shreethemes.in/landrick/layouts/images/illustrator/undraw_crypto.svg]
[shreethemes.in/landrick/layouts/images/illustrator/big-launch.svg]
[shreethemes.in/landrick/layouts/images/illustrator/maintenance.svg]
[shreethemes.in/landrick/layouts/images/illustrator/doctors-cuate.svg]
[shreethemes.in/landrick/layouts/images/integration/interactiondesign-amico.svg]
[shreethemes.in/landrick/layouts/images/job/Circleci.svg]
[shreethemes.in/landrick/layouts/images/job/Codepen.svg]
[shreethemes.in/landrick/layouts/images/job/Discord.svg]
[shreethemes.in/landrick/layouts/images/job/Eslint.svg]
[shreethemes.in/landrick/layouts/images/task/task.svg]
[shreethemes.in/landrick/layouts/images/illustrator/inbox-cleanup.svg]
[shreethemes.in/landrick/layouts/css/animate.css]
[shreethemes.in/landrick/layouts/css/animations-delay.css]
[shreethemes.in/landrick/layouts/images/icon/lightbulb.svg]
[shreethemes.in/landrick/layouts/images/icon/table.svg]
[shreethemes.in/landrick/layouts/images/icon/star.svg]
[shreethemes.in/landrick/layouts/images/icon/start-up.svg]
[shreethemes.in/landrick/layouts/images/insurance/health.svg]
[shreethemes.in/landrick/layouts/images/insurance/term-life.svg]
[shreethemes.in/landrick/layouts/images/insurance/family-health.svg]
[shreethemes.in/landrick/layouts/images/insurance/investment.svg]
[shreethemes.in/landrick/layouts/images/insurance/car.svg]
[shreethemes.in/landrick/layouts/images/insurance/bike.svg]
[shreethemes.in/landrick/layouts/images/illustrator/Marketing_strategy_SVG.svg]
[shreethemes.in/landrick/layouts/images/icon/ticket1.svg]
[shreethemes.in/landrick/layouts/images/icon/ticket2.svg]
[shreethemes.in/landrick/layouts/images/icon/ticket3.svg]
[shreethemes.in/landrick/layouts/images/icon/camera.svg]
[shreethemes.in/landrick/layouts/images/icon/speedometer.svg]
[shreethemes.in/landrick/layouts/images/icon/low-battery.svg]
[shreethemes.in/landrick/layouts/images/icon/game.svg]
[shreethemes.in/landrick/layouts/images/job/Gitlab.svg]
[shreethemes.in/landrick/layouts/images/job/Mg.svg]
[shreethemes.in/landrick/layouts/images/job/Sketch.svg]
[shreethemes.in/landrick/layouts/images/job/Twilio.svg]
[shreethemes.in/landrick/layouts/images/job/Udemy.svg]
[shreethemes.in/landrick/layouts/images/job/Webhooks.svg]
[shreethemes.in/landrick/layouts/images/job/Appdynamics.svg]
[shreethemes.in/landrick/layouts/images/job/Gradle.svg]
[shreethemes.in/landrick/layouts/images/illustrator/social.svg]
[shreethemes.in/landrick/layouts/images/client/facebook.svg]
[shreethemes.in/landrick/layouts/images/client/instagram.svg]
[shreethemes.in/landrick/layouts/images/client/tinder.svg]
[shreethemes.in/landrick/layouts/images/client/whatsapp.svg]
[shreethemes.in/landrick/layouts/images/client/dribbble.svg]
[shreethemes.in/landrick/layouts/images/social/social.svg]
[shreethemes.in/landrick/layouts/images/illustrator/app.svg]
[shreethemes.in/landrick/layouts/images/illustrator/user_interface.svg]
[shreethemes.in/landrick/layouts/images/icon/car.svg]
[shreethemes.in/landrick/layouts/images/icon/food-and-restaurant.svg]
[shreethemes.in/landrick/layouts/images/icon/fast.svg]
[shreethemes.in/landrick/layouts/images/icon/card.svg]
[shreethemes.in/landrick/layouts/images/icon/movie-tickets.svg]
[shreethemes.in/landrick/layouts/images/icon/hotel.svg]
[shreethemes.in/landrick/layouts/css/aos.css]
[shreethemes.in/landrick/layouts/images/icon/chat.svg]
[shreethemes.in/landrick/layouts/images/icon/customer-service.svg]
[shreethemes.in/landrick/layouts/images/icon/user.svg]
[shreethemes.in/landrick/layouts/images/icon/call.svg]
[shreethemes.in/landrick/layouts/images/icon/writing.svg]
[shreethemes.in/landrick/layouts/images/icon/mail.svg]
[shreethemes.in/landrick/layouts/images/customer/customer.svg]
[shreethemes.in/landrick/layouts/css/magnific-popup.css]
[shreethemes.in/landrick/layouts/js/jquery.magnific-popup.min.html]
[shreethemes.in/landrick/layouts/js/magnific.init.html]
[shreethemes.in/landrick/layouts/css/slick.html]
[shreethemes.in/landrick/layouts/css/slick-theme.html]
[shreethemes.in/landrick/layouts/js/slick.min.html]
[shreethemes.in/landrick/layouts/js/slick.init.html]
[shreethemes.in/landrick/layouts/css/style.html]
[shreethemes.in/landrick/layouts/images/user/login.svg]
[shreethemes.in/landrick/layouts/images/user/signup.svg]
[shreethemes.in/landrick/layouts/images/user/recovery.svg]
[shreethemes.in/landrick/layouts/images/404.svg]
[shreethemes.in/landrick/layouts/images/contact.svg]
[shreethemes.in/landrick/layouts/images/icon/Email.svg]
[shreethemes.in/landrick/layouts/images/icon/bitcoin.svg]
[shreethemes.in/landrick/layouts/images/icon/calendar.svg]
[shreethemes.in/landrick/layouts/images/icon/location.svg]
[shreethemes.in/landrick/layouts/js/gumshoe.polyfills.init.html]
